// Jest Snapshot v1, https://goo.gl/fbAQLP

exports[`Prueba en Grid Item debe de mostrar el componente correctamente  1`] = `
<div
  className="card animate__bounceIn animate__delay-4s"
>
  <div
    className="card-img-container  "
  >
    <img
      alt="Un titulo"
      src="https://localhost/algo.jpg"
    />
  </div>
  <p>
    Un titulo
  </p>
</div>
`;
